// Jest Snapshot v1, https://goo.gl/fbAQLP

exports[`ProductTitle Mostrar componente con el titulo personalizado 1`] = `
<span
  className="productDescription custom-class"
>
  Custom product
</span>
`;

exports[`ProductTitle Mostrar el componente con el nombre del producto 1`] = `
<div
  className="productCard undefined"
>
  <span
    className="productDescription undefined"
  >
    Coffee Mug - Card
  </span>
</div>
`;
